// Jest Snapshot v1, https://goo.gl/fbAQLP

exports[`CalendarDay when rendered should render correctly 1`] = `
<div
  className="CalendarDay-root-1"
>
  14
  <div
    className="CalendarDay-dotContainer-3"
  />
</div>
`;
